// Jest Snapshot v1, https://goo.gl/fbAQLP

exports[`should render components correctly 1`] = `
Array [
  <div>
    <styled-components__CodeWrapper>
        <div
            className="styled-components__CodeWrapper-gQlBpv QjdJf"
        />
    </styled-components__CodeWrapper>
</div>,
  <div
    className="styled-components__CodeWrapper-gQlBpv QjdJf"
/>,
]
`;
