// Jest Snapshot v1, https://goo.gl/fbAQLP

exports[`should render components correctly 1`] = `
Array [
  .c0 {
  max-height: 250px;
  min-height: 3em;
  overflow-y: auto;
  border-radius: 3px;
  margin-top: 10px;
  padding: 5px 10px;
  border: 1px solid #D1D2D3;
  background-color: #FAFAFA;
}

<div>
    <styled-components__CodeWrapper>
        <div
            className="c0"
        />
    </styled-components__CodeWrapper>
</div>,
  .c0 {
  max-height: 250px;
  min-height: 3em;
  overflow-y: auto;
  border-radius: 3px;
  margin-top: 10px;
  padding: 5px 10px;
  border: 1px solid #D1D2D3;
  background-color: #FAFAFA;
}

<div
    className="c0"
/>,
]
`;
