// Jest Snapshot v1, https://goo.gl/fbAQLP

exports[`should return messages 1`] = `
Object {
  "Notification.switchQuestion": Object {
    "defaultMessage": "請問要切換到手機版來操作測試裝置嗎？",
    "id": "Notification.switchQuestion",
  },
  "Notification.switchToMobile": Object {
    "defaultMessage": "切換到手機版",
    "id": "Notification.switchToMobile",
  },
}
`;
